Microchip MPLAB XC8 Compiler V2.36

Linker command line:

-W-3 --edf=C:\Program Files\Microchip\xc8\v2.36\pic\dat\en_msgs.txt -cn \
  -h+dist/default/production\Car_Black_Box.X.production.sym \
  --cmf=dist/default/production\Car_Black_Box.X.production.cmf -z -Q16F877A \
  -oC:\Users\91994\AppData\Local\Temp\xcAsgeo.4 --defsym=__MPLAB_BUILD=1 \
  -Mdist/default/production/Car_Black_Box.X.production.map \
  --md=C:\Users\91994\AppData\Local\Temp\xcAsgeo.dat -E1 -ver=XC8 Compiler \
  --acfsm=1493 -ACODE=00h-07FFhx4 -ASTRCODE=00h-01FFFh -ASTRING=00h-0FFhx32 \
  -ACONST=00h-0FFhx32 -AENTRY=00h-0FFhx32 -ACOMMON=070h-07Fh \
  -ABANK0=020h-06Fh -ABANK1=0A0h-0EFh -ABANK2=0110h-016Fh \
  -ABANK3=0190h-01EFh -ARAM=020h-06Fh,0A0h-0EFh,0110h-016Fh,0190h-01EFh \
  -AABS1=020h-07Fh,0A0h-0EFh,0110h-016Fh,0190h-01EFh -ASFR0=00h-01Fh \
  -ASFR1=080h-09Fh -ASFR2=0100h-010Fh -ASFR3=0180h-018Fh \
  -ACONFIG=02007h-02007h -DCONFIG=2 -AIDLOC=02000h-02003h -DIDLOC=2 \
  -AEEDATA=00h-0FFh/02100h -peeprom_data=EEDATA -DEEDATA=2 -DCODE=2 \
  -DSTRCODE=2 -DSTRING=2 -DCONST=2 -DENTRY=2 \
  -preset_vec=00h,intentry=04h,init,end_init -ppowerup=CODE -pcinit=CODE \
  -pfunctab=ENTRY -k C:\Users\91994\AppData\Local\Temp\xcAsgeo.o \
  dist/default/production\Car_Black_Box.X.production.o 

Object code version is 3.11

Machine type is 16F877A



                Name                               Link     Load   Length Selector   Space Scale
C:\Users\91994\AppData\Local\Temp\xcAsgeo.o
                end_init                              E        E        3        8       0
                reset_vec                             0        0        3        0       0
                config                             2007     2007        1        0       4
                idloc                              2000     2000        4        0       5
dist/default/production\Car_Black_Box.X.production.o
                cinit                                11       11       3D        8       0
                intentry                              4        4        A        8       0
                config                             2007     2007        1        0       4
                idloc                              2000     2000        4        0       5
                text55                             14FA     14FA       67     29F4       0
                text54                             133E     133E       46     267C       0
                text53                             1E99     1E99       20     3D32       0
                text52                             11B5     11B5       33     236A       0
                text51                             1E25     1E25       13     3C4A       0
                text50                             1E02     1E02       11     3C04       0
                text49                             1DE8     1DE8        D     3BD0       0
                text48                             1D9E     1D9E        9     3B3C       0
                text47                             1DA7     1DA7        9     3B4E       0
                text46                             1DB0     1DB0        B     3B60       0
                text45                             1E7B     1E7B       1E     3CF6       0
                text44                             12BD     12BD       3E     257A       0
                text43                              BCD      BCD      216     179A       0
                text42                             1284     1284       39     2508       0
                text41                             15C9     15C9       69     2B92       0
                text40                             13DB     13DB       5B     27B6       0
                text39                             1EDB     1EDB       23     3DB6       0
                text38                             1DBB     1DBB        B     3B76       0
                text37                             1F75     1F75       2D     3EEA       0
                text36                             1783     1783       7D     2F06       0
                text35                             169E     169E       72     2D3C       0
                text34                             1436     1436       5F     286C       0
                text33                             1DC6     1DC6        B     3B8C       0
                text32                              83D      83D       7D     107A       0
                text31                             1E4B     1E4B       15     3C96       0
                text30                             1FA2     1FA2       2D     3F44       0
                text29                             1710     1710       73     2E20       0
                text28                             1632     1632       6C     2C64       0
                text27                             1F24     1F24       27     3E48       0
                text26                              DE3      DE3      21D     1BC6       0
                text25                             1D8F     1D8F        7     3B1E       0
                text24                             1384     1384       57     2708       0
                text23                             1DD1     1DD1        B     3BA2       0
                text22                             117D     117D        6     22FA       0
                text21                             1EB9     1EB9       22     3D72       0
                text20                             1E60     1E60       1B     3CC0       0
                text19                             1561     1561       68     2AC2       0
                text18                             11E8     11E8       34     23D0       0
                text17                             1DF5     1DF5        D     3BEA       0
                text16                             1183     1183       32     2306       0
                text15                             1EFE     1EFE       26     3DFC       0
                text14                             12FB     12FB       43     25F6       0
                text13                             1FCF     1FCF       31     3F9E       0
                text12                             121C     121C       34     2438       0
                text11                              800      800       3D     1000       0
                text10                             1495     1495       65     292A       0
                text9                               8BA      8BA       9D     1174       0
                text8                               76B      76B       87        8       0
                text7                               540      540      22B        8       0
                text6                               AE8      AE8       E5     15D0       0
                text5                              1E13     1E13       12     3C26       0
                text4                              1F4B     1F4B       2A     3E96       0
                text3                              1250     1250       34     24A0       0
                text2                               957      957       B3     12AE       0
                text1                               A0A      A0A       DE     1414       0
                maintext                             4E       4E      4F2        8       0
                cstackBANK0                          20       20       2E       20       1
                cstackCOMMON                         70       70        9       70       1
                cstackBANK1                          E6       E6        A       A0       1
                clrtext                            1D96     1D96        8     3B2C       0
                inittext                           1E38     1E38       13     3C70       0
                dataBANK3                           190      190        C      190       1
                dataBANK1                            D9       D9        D       A0       1
                bssBANK1                             A0       A0       39       A0       1
                dataBANK0                            69       69        1       20       1
                bssBANK0                             4E       4E       1B       20       1
                dataCOMMON                           7A       7A        1       70       1
                bssCOMMON                            79       79        1       70       1
                stringtext                         1000     1000      17D       20       0
                strings                            1800     1800       12     3000       0
                idataBANK3                         1DDC     1DDC        C     3BB8       0
                idataBANK1                          7F2      7F2        D        8       0
                idataBANK0                            3        3        1        0       0
                idataCOMMON                         7FF      7FF        1        8       0

TOTAL           Name                               Link     Load   Length     Space
        CLASS   CODE           
                end_init                              E        E        3         0
                cinit                                11       11       3D         0
                intentry                              4        4        A         0
                reset_vec                             0        0        3         0
                text55                             14FA     14FA       67         0
                text54                             133E     133E       46         0
                text53                             1E99     1E99       20         0
                text52                             11B5     11B5       33         0
                text51                             1E25     1E25       13         0
                text50                             1E02     1E02       11         0
                text49                             1DE8     1DE8        D         0
                text48                             1D9E     1D9E        9         0
                text47                             1DA7     1DA7        9         0
                text46                             1DB0     1DB0        B         0
                text45                             1E7B     1E7B       1E         0
                text44                             12BD     12BD       3E         0
                text43                              BCD      BCD      216         0
                text42                             1284     1284       39         0
                text41                             15C9     15C9       69         0
                text40                             13DB     13DB       5B         0
                text39                             1EDB     1EDB       23         0
                text38                             1DBB     1DBB        B         0
                text37                             1F75     1F75       2D         0
                text36                             1783     1783       7D         0
                text35                             169E     169E       72         0
                text34                             1436     1436       5F         0
                text33                             1DC6     1DC6        B         0
                text32                              83D      83D       7D         0
                text31                             1E4B     1E4B       15         0
                text30                             1FA2     1FA2       2D         0
                text29                             1710     1710       73         0
                text28                             1632     1632       6C         0
                text27                             1F24     1F24       27         0
                text26                              DE3      DE3      21D         0
                text25                             1D8F     1D8F        7         0
                text24                             1384     1384       57         0
                text23                             1DD1     1DD1        B         0
                text22                             117D     117D        6         0
                text21                             1EB9     1EB9       22         0
                text20                             1E60     1E60       1B         0
                text19                             1561     1561       68         0
                text18                             11E8     11E8       34         0
                text17                             1DF5     1DF5        D         0
                text16                             1183     1183       32         0
                text15                             1EFE     1EFE       26         0
                text14                             12FB     12FB       43         0
                text13                             1FCF     1FCF       31         0
                text12                             121C     121C       34         0
                text11                              800      800       3D         0
                text10                             1495     1495       65         0
                text9                               8BA      8BA       9D         0
                text8                               76B      76B       87         0
                text7                               540      540      22B         0
                text6                               AE8      AE8       E5         0
                text5                              1E13     1E13       12         0
                text4                              1F4B     1F4B       2A         0
                text3                              1250     1250       34         0
                text2                               957      957       B3         0
                text1                               A0A      A0A       DE         0
                maintext                             4E       4E      4F2         0
                clrtext                            1D96     1D96        8         0
                inittext                           1E38     1E38       13         0
                idataBANK3                         1DDC     1DDC        C         0
                idataBANK1                          7F2      7F2        D         0
                idataBANK0                            3        3        1         0
                idataCOMMON                         7FF      7FF        1         0

        CLASS   STRCODE        
                stringtext                         1000     1000      17D         0

        CLASS   STRING         
                strings                            1800     1800       12         0

        CLASS   CONST          

        CLASS   ENTRY          

        CLASS   COMMON         
                cstackCOMMON                         70       70        9         1
                dataCOMMON                           7A       7A        1         1
                bssCOMMON                            79       79        1         1

        CLASS   BANK0          
                cstackBANK0                          20       20       2E         1
                dataBANK0                            69       69        1         1
                bssBANK0                             4E       4E       1B         1

        CLASS   BANK1          
                cstackBANK1                          E6       E6        A         1
                dataBANK1                            D9       D9        D         1
                bssBANK1                             A0       A0       39         1

        CLASS   BANK2          

        CLASS   BANK3          
                dataBANK3                           190      190        C         1

        CLASS   RAM            

        CLASS   ABS1           
                abs_s1                               7E       7E        2         1

        CLASS   SFR0           

        CLASS   SFR1           

        CLASS   SFR2           

        CLASS   SFR3           

        CLASS   CONFIG         
                config                             2007     2007        1         4

        CLASS   IDLOC          
                idloc                              2000     2000        4         5

        CLASS   EEDATA         

        CLASS   STACK          



SEGMENTS        Name                           Load    Length   Top    Selector   Space  Class     Delta

                reset_vec                      000000  000004  000004         0       0  CODE        2
                intentry                       000004  0007FC  000800         8       0  CODE        2
                cstackBANK0                    000020  00004A  00006A        20       1  BANK0       1
                cstackCOMMON                   000070  00000B  00007B        70       1  COMMON      1
                bssBANK1                       0000A0  000050  0000F0        A0       1  BANK1       1
                dataBANK3                      000190  00000C  00019C       190       1  BANK3       1
                text11                         000800  00003D  00083D      1000       0  CODE        2
                text32                         00083D  00007D  0008BA      107A       0  CODE        2
                text9                          0008BA  00009D  000957      1174       0  CODE        2
                text2                          000957  0000B3  000A0A      12AE       0  CODE        2
                text1                          000A0A  0000DE  000AE8      1414       0  CODE        2
                text6                          000AE8  0000E5  000BCD      15D0       0  CODE        2
                text43                         000BCD  000216  000DE3      179A       0  CODE        2
                text26                         000DE3  00021D  001000      1BC6       0  CODE        2
                stringtext                     001000  00017D  00117D        20       0  STRCODE     2
                text22                         00117D  000006  001183      22FA       0  CODE        2
                text16                         001183  000032  0011B5      2306       0  CODE        2
                text52                         0011B5  000033  0011E8      236A       0  CODE        2
                text18                         0011E8  000034  00121C      23D0       0  CODE        2
                text12                         00121C  000034  001250      2438       0  CODE        2
                text3                          001250  000034  001284      24A0       0  CODE        2
                text42                         001284  000039  0012BD      2508       0  CODE        2
                text44                         0012BD  00003E  0012FB      257A       0  CODE        2
                text14                         0012FB  000043  00133E      25F6       0  CODE        2
                text54                         00133E  000046  001384      267C       0  CODE        2
                text24                         001384  000057  0013DB      2708       0  CODE        2
                text40                         0013DB  00005B  001436      27B6       0  CODE        2
                text34                         001436  00005F  001495      286C       0  CODE        2
                text10                         001495  000065  0014FA      292A       0  CODE        2
                text55                         0014FA  000067  001561      29F4       0  CODE        2
                text19                         001561  000068  0015C9      2AC2       0  CODE        2
                text41                         0015C9  000069  001632      2B92       0  CODE        2
                text28                         001632  00006C  00169E      2C64       0  CODE        2
                text35                         00169E  000072  001710      2D3C       0  CODE        2
                text29                         001710  000073  001783      2E20       0  CODE        2
                text36                         001783  00007D  001800      2F06       0  CODE        2
                strings                        001800  000012  001812      3000       0  STRING      2
                text25                         001D8F  000007  001D96      3B1E       0  CODE        2
                clrtext                        001D96  000008  001D9E      3B2C       0  CODE        2
                text48                         001D9E  000009  001DA7      3B3C       0  CODE        2
                text47                         001DA7  000009  001DB0      3B4E       0  CODE        2
                text46                         001DB0  00000B  001DBB      3B60       0  CODE        2
                text38                         001DBB  00000B  001DC6      3B76       0  CODE        2
                text33                         001DC6  00000B  001DD1      3B8C       0  CODE        2
                text23                         001DD1  00000B  001DDC      3BA2       0  CODE        2
                idataBANK3                     001DDC  00000C  001DE8      3BB8       0  CODE        2
                text49                         001DE8  00000D  001DF5      3BD0       0  CODE        2
                text17                         001DF5  00000D  001E02      3BEA       0  CODE        2
                text50                         001E02  000011  001E13      3C04       0  CODE        2
                text5                          001E13  000012  001E25      3C26       0  CODE        2
                text51                         001E25  000013  001E38      3C4A       0  CODE        2
                inittext                       001E38  000013  001E4B      3C70       0  CODE        2
                text31                         001E4B  000015  001E60      3C96       0  CODE        2
                text20                         001E60  00001B  001E7B      3CC0       0  CODE        2
                text45                         001E7B  00001E  001E99      3CF6       0  CODE        2
                text53                         001E99  000020  001EB9      3D32       0  CODE        2
                text21                         001EB9  000022  001EDB      3D72       0  CODE        2
                text39                         001EDB  000023  001EFE      3DB6       0  CODE        2
                text15                         001EFE  000026  001F24      3DFC       0  CODE        2
                text27                         001F24  000027  001F4B      3E48       0  CODE        2
                text4                          001F4B  00002A  001F75      3E96       0  CODE        2
                text37                         001F75  00002D  001FA2      3EEA       0  CODE        2
                text30                         001FA2  00002D  001FCF      3F44       0  CODE        2
                text13                         001FCF  000031  002000      3F9E       0  CODE        2


UNUSED ADDRESS RANGES

        Name                Unused          Largest block    Delta
        BANK0            006A-006F              6           1
        BANK2            0110-016F             60           1
        BANK3            019C-01EF             54           1
        CODE             1812-1D8E            57D           2
        COMMON           007B-007D              3           1
        CONST            1812-1D8E            100           2
        EEDATA           2100-21FF            100           2
        ENTRY            1812-1D8E            100           2
        RAM              006A-006F              6           1
                         0110-016F             60
                         019C-01EF             54
        SFR0             0000-001F             20           1
        SFR1             0080-009F             20           1
        SFR2             0100-010F             10           1
        SFR3             0180-018F             10           1
        STRCODE          1812-1D8E            57D           2
        STRING           1812-1D8E            100           2

                                  Symbol Table

?___aldiv                            cstackBANK0  0028
?___almod                            cstackBANK0  0020
?___awdiv                            cstackCOMMON 0073
?___awmod                            cstackCOMMON 0073
?___lldiv                            cstackBANK0  0020
?___lwdiv                            cstackBANK0  0020
?_read_adc                           cstackCOMMON 0073
?_strcmp                             cstackCOMMON 0073
?_strncmp                            cstackCOMMON 0073
_ACKDT                               (abs)        048D
_ACKEN                               (abs)        048C
_ACKSTAT                             (abs)        048E
_ADFM                                (abs)        04FF
_ADON                                (abs)        00F8
_ADRESH                              (abs)        001E
_ADRESL                              (abs)        009E
_CREN                                (abs)        00C4
_GIE                                 (abs)        005F
_GO                                  (abs)        00FA
_PEIE                                (abs)        005E
_PEN                                 (abs)        048A
_PORTB                               (abs)        0006
_PORTD                               (abs)        0008
_PR2                                 (abs)        0092
_PSA                                 (abs)        040B
_RCEN                                (abs)        048B
_RCIF                                (abs)        0065
_RCREG                               (abs)        001A
_RE1                                 (abs)        0049
_RE2                                 (abs)        004A
_R_nW                                (abs)        04A2
_SEN                                 (abs)        0488
_SPBRG                               (abs)        0099
_SPEN                                (abs)        00C7
_SSPADD                              (abs)        0093
_SSPBUF                              (abs)        0013
_SSPCON2                             (abs)        0091
_SSPEN                               (abs)        00A5
_SSPM3                               (abs)        00A3
_T0CS                                (abs)        040D
_T2CKPS0                             (abs)        0090
_T2CKPS1                             (abs)        0091
_TMR0                                (abs)        0001
_TMR0IE                              (abs)        005D
_TMR2IE                              (abs)        0461
_TMR2IF                              (abs)        0061
_TMR2ON                              (abs)        0092
_TRISB                               (abs)        0086
_TRISD                               (abs)        0088
_TRISE1                              (abs)        0449
_TRISE2                              (abs)        044A
_TXIF                                (abs)        0064
_TXREG                               (abs)        0019
__Habs1                              abs1         0000
__Hbank0                             bank0        0000
__Hbank1                             bank1        0000
__Hbank2                             bank2        0000
__Hbank3                             bank3        0000
__HbssBANK0                          bssBANK0     0000
__HbssBANK1                          bssBANK1     0000
__HbssCOMMON                         bssCOMMON    0000
__Hcinit                             cinit        004E
__Hclrtext                           clrtext      0000
__Hcode                              code         0000
__Hcommon                            common       0000
__Hconfig                            config       2008
__HcstackBANK0                       cstackBANK0  0000
__HcstackBANK1                       cstackBANK1  0000
__HcstackCOMMON                      cstackCOMMON 0000
__HdataBANK0                         dataBANK0    0000
__HdataBANK1                         dataBANK1    0000
__HdataBANK3                         dataBANK3    0000
__HdataCOMMON                        dataCOMMON   0000
__Heeprom_data                       eeprom_data  0000
__Hend_init                          end_init     0011
__Hfunctab                           functab      0000
__HidataBANK0                        idataBANK0   0000
__HidataBANK1                        idataBANK1   0000
__HidataBANK3                        idataBANK3   0000
__HidataCOMMON                       idataCOMMON  0000
__Hidloc                             idloc        2004
__Hinit                              init         000E
__Hinittext                          inittext     0000
__Hintentry                          intentry     000E
__Hmaintext                          maintext     0000
__Hpowerup                           powerup      0000
__Hram                               ram          0000
__Hreset_vec                         reset_vec    0003
__Hsfr0                              sfr0         0000
__Hsfr1                              sfr1         0000
__Hsfr2                              sfr2         0000
__Hsfr3                              sfr3         0000
__Hspace_0                           (abs)        2000
__Hspace_1                           (abs)        019C
__Hspace_2                           (abs)        0000
__Hspace_3                           (abs)        0000
__Hspace_4                           (abs)        400F
__Hstack                             stack        0000
__Hstrings                           strings      0000
__Hstringtext                        stringtext   0000
__Htext                              text         0000
__Labs1                              abs1         0000
__Lbank0                             bank0        0000
__Lbank1                             bank1        0000
__Lbank2                             bank2        0000
__Lbank3                             bank3        0000
__LbssBANK0                          bssBANK0     0000
__LbssBANK1                          bssBANK1     0000
__LbssCOMMON                         bssCOMMON    0000
__Lcinit                             cinit        0011
__Lclrtext                           clrtext      0000
__Lcode                              code         0000
__Lcommon                            common       0000
__Lconfig                            config       0000
__LcstackBANK0                       cstackBANK0  0000
__LcstackBANK1                       cstackBANK1  0000
__LcstackCOMMON                      cstackCOMMON 0000
__LdataBANK0                         dataBANK0    0000
__LdataBANK1                         dataBANK1    0000
__LdataBANK3                         dataBANK3    0000
__LdataCOMMON                        dataCOMMON   0000
__Leeprom_data                       eeprom_data  0000
__Lend_init                          end_init     000E
__Lfunctab                           functab      0000
__LidataBANK0                        idataBANK0   0000
__LidataBANK1                        idataBANK1   0000
__LidataBANK3                        idataBANK3   0000
__LidataCOMMON                       idataCOMMON  0000
__Lidloc                             idloc        0000
__Linit                              init         000E
__Linittext                          inittext     0000
__Lintentry                          intentry     0004
__Lmaintext                          maintext     0000
__Lpowerup                           powerup      0000
__Lram                               ram          0000
__Lreset_vec                         reset_vec    0000
__Lsfr0                              sfr0         0000
__Lsfr1                              sfr1         0000
__Lsfr2                              sfr2         0000
__Lsfr3                              sfr3         0000
__Lspace_0                           (abs)        0000
__Lspace_1                           (abs)        0000
__Lspace_2                           (abs)        0000
__Lspace_3                           (abs)        0000
__Lspace_4                           (abs)        0000
__Lstack                             stack        0000
__Lstrings                           strings      0000
__Lstringtext                        stringtext   0000
__Ltext                              text         0000
__S0                                 (abs)        2000
__S1                                 (abs)        019C
__S3                                 (abs)        0000
___aldiv                             text9        08BA
___aldiv@counter                     cstackBANK0  0030
___aldiv@dividend                    cstackBANK0  002C
___aldiv@divisor                     cstackBANK0  0028
___aldiv@quotient                    cstackBANK0  0032
___aldiv@sign                        cstackBANK0  0031
___almod                             text8        076B
___almod@counter                     cstackCOMMON 0074
___almod@dividend                    cstackBANK0  0024
___almod@divisor                     cstackBANK0  0020
___almod@sign                        cstackCOMMON 0075
___awdiv                             text41       15C9
___awdiv@counter                     cstackBANK0  0020
___awdiv@dividend                    cstackCOMMON 0075
___awdiv@divisor                     cstackCOMMON 0073
___awdiv@quotient                    cstackBANK0  0022
___awdiv@sign                        cstackBANK0  0021
___awmod                             text40       13DB
___awmod@counter                     cstackBANK0  0020
___awmod@dividend                    cstackCOMMON 0075
___awmod@divisor                     cstackCOMMON 0073
___awmod@sign                        cstackBANK0  0021
___bmul                              text31       1E4B
___bmul@multiplicand                 cstackCOMMON 0073
___bmul@multiplier                   cstackCOMMON 0076
___bmul@product                      cstackCOMMON 0075
___int_sp                            stack        0000
___latbits                           (abs)        0002
___lldiv                             text19       1561
___lldiv@counter                     cstackCOMMON 0078
___lldiv@dividend                    cstackBANK0  0024
___lldiv@divisor                     cstackBANK0  0020
___lldiv@quotient                    cstackCOMMON 0074
___lwdiv                             text54       133E
___lwdiv@counter                     cstackBANK0  0024
___lwdiv@dividend                    cstackBANK0  0022
___lwdiv@divisor                     cstackBANK0  0020
___lwdiv@quotient                    cstackBANK0  0025
___sp                                stack        0000
___stackhi                           (abs)        0000
___stacklo                           (abs)        0000
__end_of___aldiv                     text9        0957
__end_of___almod                     text8        07F2
__end_of___awdiv                     text41       1632
__end_of___awmod                     text40       1436
__end_of___bmul                      text31       1E60
__end_of___lldiv                     text19       15C9
__end_of___lwdiv                     text54       1384
__end_of__initialization             cinit        004A
__end_of__stringtab                  strings      1812
__end_of_change_password             text43       0DE3
__end_of_clcd_print                  text52       11E8
__end_of_clcd_putch                  text51       1E38
__end_of_clcd_write                  text53       1EB9
__end_of_clear_log                   text42       12BD
__end_of_clear_screen                text50       1E13
__end_of_display_default_screen      text34       1495
__end_of_display_log_in_uart         text32       08BA
__end_of_display_time                text35       1710
__end_of_download_log                text28       169E
__end_of_edit_time                   text26       1000
__end_of_ext_eeprom_24C02_byte_write text45       1E99
__end_of_ext_eeprom_24C02_read       text30       1FCF
__end_of_ext_eeprom_24C02_str_write  text13       2000
__end_of_get_saved_log               text29       1783
__end_of_get_time                    text36       1800
__end_of_i2c_read                    text39       1EFE
__end_of_i2c_rep_start               text38       1DC6
__end_of_i2c_start                   text48       1DA7
__end_of_i2c_stop                    text47       1DB0
__end_of_i2c_wait_for_idle           text49       1DF5
__end_of_i2c_write                   text46       1DBB
__end_of_init_adc                    text25       1D96
__end_of_init_clcd                   text23       1DDC
__end_of_init_config                 text14       133E
__end_of_init_digital_keypad         text22       1183
__end_of_init_display_controller     text24       13DB
__end_of_init_ds1307                 text20       1E7B
__end_of_init_i2c                    text18       121C
__end_of_init_timer2                 text17       1E02
__end_of_init_uart                   text16       11B5
__end_of_isr                         text55       1561
__end_of_log_car_event               text10       14FA
__end_of_log_event                   text12       1250
__end_of_login                       text7        076B
__end_of_login_menu                  text6        0BCD
__end_of_main                        maintext     0540
__end_of_print_log                   text2        0A0A
__end_of_putchar                     text33       1DD1
__end_of_puts                        text15       1F24
__end_of_read_adc                    text5        1E25
__end_of_read_digital_keypad         text4        1F75
__end_of_read_ds1307                 text37       1FA2
__end_of_strcmp                      text3        1284
__end_of_strcpy                      text27       1F4B
__end_of_strncmp                     text44       12FB
__end_of_strncpy                     text11       083D
__end_of_view_log                    text1        0AE8
__end_of_write_ds1307                text21       1EDB
__initialization                     cinit        0011
__pbssBANK0                          bssBANK0     004E
__pbssBANK1                          bssBANK1     00A0
__pbssCOMMON                         bssCOMMON    0079
__pcstackBANK0                       cstackBANK0  0020
__pcstackBANK1                       cstackBANK1  00E6
__pcstackCOMMON                      cstackCOMMON 0070
__pdataBANK0                         dataBANK0    0069
__pdataBANK1                         dataBANK1    00D9
__pdataBANK3                         dataBANK3    0190
__pdataCOMMON                        dataCOMMON   007A
__pidataBANK0                        idataBANK0   0003
__pidataBANK1                        idataBANK1   07F2
__pidataBANK3                        idataBANK3   1DDC
__pidataCOMMON                       idataCOMMON  07FF
__pintentry                          intentry     0004
__pmaintext                          maintext     004E
__pstrings                           strings      1800
__pstringtext                        stringtext   1000
__ptext1                             text1        0A0A
__ptext10                            text10       1495
__ptext11                            text11       0800
__ptext12                            text12       121C
__ptext13                            text13       1FCF
__ptext14                            text14       12FB
__ptext15                            text15       1EFE
__ptext16                            text16       1183
__ptext17                            text17       1DF5
__ptext18                            text18       11E8
__ptext19                            text19       1561
__ptext2                             text2        0957
__ptext20                            text20       1E60
__ptext21                            text21       1EB9
__ptext22                            text22       117D
__ptext23                            text23       1DD1
__ptext24                            text24       1384
__ptext25                            text25       1D8F
__ptext26                            text26       0DE3
__ptext27                            text27       1F24
__ptext28                            text28       1632
__ptext29                            text29       1710
__ptext3                             text3        1250
__ptext30                            text30       1FA2
__ptext31                            text31       1E4B
__ptext32                            text32       083D
__ptext33                            text33       1DC6
__ptext34                            text34       1436
__ptext35                            text35       169E
__ptext36                            text36       1783
__ptext37                            text37       1F75
__ptext38                            text38       1DBB
__ptext39                            text39       1EDB
__ptext4                             text4        1F4B
__ptext40                            text40       13DB
__ptext41                            text41       15C9
__ptext42                            text42       1284
__ptext43                            text43       0BCD
__ptext44                            text44       12BD
__ptext45                            text45       1E7B
__ptext46                            text46       1DB0
__ptext47                            text47       1DA7
__ptext48                            text48       1D9E
__ptext49                            text49       1DE8
__ptext5                             text5        1E13
__ptext50                            text50       1E02
__ptext51                            text51       1E25
__ptext52                            text52       11B5
__ptext53                            text53       1E99
__ptext54                            text54       133E
__ptext55                            text55       14FA
__ptext6                             text6        0AE8
__ptext7                             text7        0540
__ptext8                             text8        076B
__ptext9                             text9        08BA
__stringbase                         strings      1812
__stringtab                          strings      1800
_change_password                     text43       0BCD
_clcd_print                          text52       11B5
_clcd_putch                          text51       1E25
_clcd_write                          text53       1E99
_clear_log                           text42       1284
_clear_screen                        text50       1E02
_clock_reg                           bssBANK1     00AD
_display_default_screen              text34       1436
_display_log_in_uart                 text32       083D
_display_time                        text35       169E
_download_log                        text28       1632
_edit_time                           text26       0DE3
_ext_eeprom_24C02_byte_write         text45       1E7B
_ext_eeprom_24C02_read               text30       1FA2
_ext_eeprom_24C02_str_write          text13       1FCF
_gear                                dataBANK3    0190
_get_saved_log                       text29       1710
_get_time                            text36       1783
_i2c_read                            text39       1EDB
_i2c_rep_start                       text38       1DBB
_i2c_start                           text48       1D9E
_i2c_stop                            text47       1DA7
_i2c_wait_for_idle                   text49       1DE8
_i2c_write                           text46       1DB0
_init_adc                            text25       1D8F
_init_clcd                           text23       1DD1
_init_config                         text14       12FB
_init_digital_keypad                 text22       117D
_init_display_controller             text24       1384
_init_ds1307                         text20       1E60
_init_i2c                            text18       11E8
_init_timer2                         text17       1DF5
_init_uart                           text16       1183
_isr                                 text55       14FA
_log                                 bssBANK1     00B4
_log_car_event                       text10       1495
_log_count                           bssCOMMON    0079
_log_event                           text12       121C
_login                               text7        0540
_login$1140                          cstackBANK0  003F
_login_menu                          text6        0AE8
_main                                maintext     004E
_menu                                dataBANK1    00D9
_nDONE                               (abs)        00FA
_new_hr                              bssBANK0     0064
_new_min                             bssBANK0     0065
_new_sec                             bssBANK0     0066
_pos                                 dataCOMMON   007A
_pre_control_flag                    bssBANK0     0067
_pre_key                             bssBANK0     0068
_press                               bssBANK0     005C
_print_log                           text2        0957
_putchar                             text33       1DC6
_puts                                text15       1EFE
_read_adc                            text5        1E13
_read_digital_keypad                 text4        1F4B
_read_ds1307                         text37       1F75
_return_time                         bssBANK0     005E
_saved_event                         bssBANK1     00A7
_saved_speed                         bssBANK1     00AA
_saved_time                          bssBANK1     00A0
_sec                                 bssBANK0     004E
_strcmp                              text3        1250
_strcpy                              text27       1F24
_strncmp                             text44       12BD
_strncpy                             text11       0800
_time                                bssBANK1     00C6
_view_log                            text1        0A0A
_write_ds1307                        text21       1EB9
btemp                                (abs)        007E
change_password@i                    bssBANK0     0054
change_password@i_442                cstackBANK0  003C
change_password@j                    bssBANK0     0052
change_password@key                  cstackBANK0  0037
change_password@new_passwd_1         bssBANK1     00D1
change_password@new_passwd_2         bssBANK1     00CD
change_password@reset_flag           cstackBANK0  003B
clcd_print@addr                      cstackBANK0  0022
clcd_print@str                       cstackBANK0  0020
clcd_putch@addr                      cstackBANK0  0036
clcd_putch@data                      cstackCOMMON 0078
clcd_write@byte                      cstackCOMMON 0076
clcd_write@mode                      cstackCOMMON 0073
clear_log@reset_flag                 cstackCOMMON 0077
clear_ram0                           clrtext      1D96
display_default_screen@event         cstackBANK0  003C
display_default_screen@speed         cstackBANK0  0038
display_log_in_uart@log_pos          cstackCOMMON 0074
download_log@i                       cstackBANK0  0028
edit_time@blink_delay                bssBANK1     00B2
edit_time@blink_flag                 bssBANK0     0056
edit_time@i                          bssBANK0     005A
edit_time@j                          bssBANK0     0058
edit_time@key                        cstackBANK0  0037
edit_time@new_time                   bssBANK1     00BF
edit_time@reset_flag                 cstackBANK0  003B
end_of_initialization                cinit        004A
ext_eeprom_24C02_byte_write@addr     cstackCOMMON 0075
ext_eeprom_24C02_byte_write@data     cstackCOMMON 0074
ext_eeprom_24C02_read@addr           cstackCOMMON 0077
ext_eeprom_24C02_read@data           cstackCOMMON 0078
ext_eeprom_24C02_str_write@addr      cstackBANK0  0020
ext_eeprom_24C02_str_write@str       cstackCOMMON 0076
get_saved_log@addr                   cstackBANK0  0023
get_saved_log@i                      cstackBANK0  0024
get_saved_log@log_pos                cstackBANK0  0022
i2c_read@ack                         cstackCOMMON 0074
i2c_read@data                        cstackCOMMON 0075
i2c_write@data                       cstackCOMMON 0073
init_ds1307@dummy                    cstackBANK0  0026
init_fetch0                          inittext     1E38
init_i2c@baud                        cstackBANK0  0028
init_ram0                            inittext     1E3C
init_uart@baud                       cstackBANK0  0028
interrupt_function                   intentry     0004
intlevel0                            functab      0000
intlevel1                            functab      0000
intlevel2                            functab      0000
intlevel3                            functab      0000
intlevel4                            functab      0000
intlevel5                            functab      0000
isr@count                            bssBANK1     00B0
log_car_event@event                  cstackBANK0  0028
log_car_event@speed                  cstackBANK0  0024
log_event@addr                       cstackBANK0  0023
login@attempt_rem                    bssBANK0     0062
login@i                              bssBANK0     0063
login@j                              cstackBANK0  0044
login@key                            cstackBANK0  0037
login@new_passwd                     bssBANK1     00D5
login@reset_flag                     cstackBANK0  0043
login@saved_passwd                   cstackBANK0  003B
login_menu@key                       cstackBANK0  0037
login_menu@menu_pos                  bssBANK0     0061
login_menu@reset_flag                cstackBANK0  003B
main@F1048                           dataBANK1    00E3
main@control_flag                    cstackBANK1  00EF
main@event                           cstackBANK1  00E8
main@gr                              cstackBANK1  00EB
main@key                             cstackBANK1  00EE
main@menu_pos                        cstackBANK1  00E6
main@reset_flag                      cstackBANK1  00ED
main@return_val                      cstackBANK1  00E7
main@speed                           cstackBANK1  00EC
print_log@log_pos                    cstackBANK0  0038
putchar@data                         cstackCOMMON 0073
puts@s                               cstackCOMMON 0074
read_adc@adc_reg_val                 cstackCOMMON 0075
read_digital_keypad@mode             cstackCOMMON 0074
read_digital_keypad@once             dataBANK0    0069
read_ds1307@addr                     cstackCOMMON 0077
read_ds1307@data                     cstackCOMMON 0078
reset_vec                            reset_vec    0000
saved_w                              (abs)        007E
start                                init         000E
start_initialization                 cinit        0011
strcmp@r                             cstackBANK0  0020
strcmp@s1                            cstackBANK0  0021
strcmp@s2                            cstackCOMMON 0073
strcpy@cp                            cstackCOMMON 0076
strcpy@from                          cstackCOMMON 0073
strcpy@to                            cstackCOMMON 0077
strncmp@len                          cstackCOMMON 0074
strncmp@s1                           cstackCOMMON 0078
strncmp@s2                           cstackCOMMON 0073
strncpy@cp                           cstackCOMMON 0078
strncpy@from                         cstackCOMMON 0073
strncpy@size                         cstackCOMMON 0074
strncpy@to                           cstackCOMMON 0077
view_log@key                         cstackBANK0  0039
view_log@log_pos                     bssBANK0     0060
view_log@reset_flag                  cstackBANK0  003D
write_ds1307@addr                    cstackBANK0  0024
write_ds1307@data                    cstackCOMMON 0078
wtemp0                               (abs)        007E


MODULE INFORMATION

Module		Function		Class		Link	Load	Size
timers.c
		_init_timer2   		CODE           	1DF5	0000	13

timers.c estimated size: 13

digital_keypad.c
		_init_digital_keypad		CODE           	117D	0000	6
		_read_digital_keypad		CODE           	1F4B	0000	42

digital_keypad.c estimated size: 48

C:\Program Files\Microchip\xc8\v2.36\pic\sources\c90\common\awmod.c
		___awmod       		CODE           	13DB	0000	91

C:\Program Files\Microchip\xc8\v2.36\pic\sources\c90\common\awmod.c estimated size: 91

uart.c
		_init_uart     		CODE           	1183	0000	50
		_puts          		CODE           	1EFE	0000	38
		_putchar       		CODE           	1DC6	0000	11

uart.c estimated size: 99

C:\Program Files\Microchip\xc8\v2.36\pic\sources\c90\common\almod.c
		___almod       		CODE           	076B	0000	135

C:\Program Files\Microchip\xc8\v2.36\pic\sources\c90\common\almod.c estimated size: 135

i2c.c
		_i2c_start     		CODE           	1D9E	0000	9
		_i2c_rep_start 		CODE           	1DBB	0000	11
		_i2c_write     		CODE           	1DB0	0000	11
		_i2c_stop      		CODE           	1DA7	0000	9
		_i2c_read      		CODE           	1EDB	0000	35
		_init_i2c      		CODE           	11E8	0000	52
		_i2c_wait_for_idle		CODE           	1DE8	0000	13

i2c.c estimated size: 140

ds1307.c
		_read_ds1307   		CODE           	1F75	0000	45
		_write_ds1307  		CODE           	1EB9	0000	34
		_init_ds1307   		CODE           	1E60	0000	27

ds1307.c estimated size: 106

C:\Program Files\Microchip\xc8\v2.36\pic\sources\c90\common\strncmp.c
		_strncmp       		CODE           	12BD	0000	62

C:\Program Files\Microchip\xc8\v2.36\pic\sources\c90\common\strncmp.c estimated size: 62

C:\Program Files\Microchip\xc8\v2.36\pic\sources\c90\common\lwdiv.c
		___lwdiv       		CODE           	133E	0000	70

C:\Program Files\Microchip\xc8\v2.36\pic\sources\c90\common\lwdiv.c estimated size: 70

C:\Program Files\Microchip\xc8\v2.36\pic\sources\c90\common\strncpy.c
		_strncpy       		CODE           	0800	0000	61

C:\Program Files\Microchip\xc8\v2.36\pic\sources\c90\common\strncpy.c estimated size: 61

C:\Program Files\Microchip\xc8\v2.36\pic\sources\c90\common\awdiv.c
		___awdiv       		CODE           	15C9	0000	105

C:\Program Files\Microchip\xc8\v2.36\pic\sources\c90\common\awdiv.c estimated size: 105

adc.c
		_init_adc      		CODE           	1D8F	0000	7
		_read_adc      		CODE           	1E13	0000	18

adc.c estimated size: 25

C:\Program Files\Microchip\xc8\v2.36\pic\sources\c90\common\__lldiv.c
		___lldiv       		CODE           	1561	0000	104

C:\Program Files\Microchip\xc8\v2.36\pic\sources\c90\common\__lldiv.c estimated size: 104

C:\Program Files\Microchip\xc8\v2.36\pic\sources\c90\common\aldiv.c
		___aldiv       		CODE           	08BA	0000	157

C:\Program Files\Microchip\xc8\v2.36\pic\sources\c90\common\aldiv.c estimated size: 157

C:\Program Files\Microchip\xc8\v2.36\pic\sources\c90\common\Umul8.c
		___bmul        		CODE           	1E4B	0000	21

C:\Program Files\Microchip\xc8\v2.36\pic\sources\c90\common\Umul8.c estimated size: 21

isr.c
		_isr           		CODE           	14FA	0000	103

isr.c estimated size: 103

shared
		__stringtab    		STRING         	1800	0000	18
		__initialization		CODE           	0011	0000	57

shared estimated size: 75

clcd.c
		_clcd_write    		CODE           	1E99	0000	32
		_clcd_print    		CODE           	11B5	0000	51
		_clcd_putch    		CODE           	1E25	0000	19
		_init_display_controller		CODE           	1384	0000	87
		_init_clcd     		CODE           	1DD1	0000	11

clcd.c estimated size: 200

car_black_box_def.c
		_view_log      		CODE           	0A0A	0000	222
		_log_car_event 		CODE           	1495	0000	101
		_display_time  		CODE           	169E	0000	114
		_edit_time     		CODE           	0DE3	0000	541
		_change_password		CODE           	0BCD	0000	534
		_display_default_screen		CODE           	1436	0000	95
		_get_time      		CODE           	1783	0000	125
		_clear_screen  		CODE           	1E02	0000	17
		_print_log     		CODE           	0957	0000	179
		_download_log  		CODE           	1632	0000	108
		_log_event     		CODE           	121C	0000	52
		_login_menu    		CODE           	0AE8	0000	229
		_clear_log     		CODE           	1284	0000	57
		_display_log_in_uart		CODE           	083D	0000	125
		_get_saved_log 		CODE           	1710	0000	115
		_login         		CODE           	0540	0000	555

car_black_box_def.c estimated size: 3169

C:\Program Files\Microchip\xc8\v2.36\pic\sources\c90\common\strcmp.c
		_strcmp        		CODE           	1250	0000	52

C:\Program Files\Microchip\xc8\v2.36\pic\sources\c90\common\strcmp.c estimated size: 52

C:\Program Files\Microchip\xc8\v2.36\pic\sources\c90\common\strcpy.c
		_strcpy        		CODE           	1F24	0000	39

C:\Program Files\Microchip\xc8\v2.36\pic\sources\c90\common\strcpy.c estimated size: 39

main.c
		_main          		CODE           	004E	0000	1266
		_init_config   		CODE           	12FB	0000	67

main.c estimated size: 1333

EEprom.c
		_ext_eeprom_24C02_str_write		CODE           	1FCF	0000	49
		_ext_eeprom_24C02_byte_write		CODE           	1E7B	0000	30
		_ext_eeprom_24C02_read		CODE           	1FA2	0000	45

EEprom.c estimated size: 124

